// Jest Snapshot v1, https://goo.gl/fbAQLP

exports[`Login (Snapshot) Login renders 1`] = `
<div
  className="signup-container"
>
  <form
    onSubmit={[Function]}
  >
    <h1>
      Log In
    </h1>
    <hr />
    <h3>
      Email
    </h3>
    <input
      className=""
      name="email"
      onChange={[Function]}
      type="text"
    />
    <div
      className="warning "
    >
      Email should be Stevens's email.
    </div>
    <h3>
      Password
    </h3>
    <input
      className=""
      name="password"
      onChange={[Function]}
      type="password"
    />
    <div
      className="warning "
    >
      Password can not be empty.
    </div>
    <input
      className="button"
      id="submit-button"
      type="submit"
      value="SUBMIT"
    />
  </form>
</div>
`;
